[1;94mProperty Test Coverage[0m
[94m======================[0m

