[1;92mHedgehog Property Testing[0m
[92m=========================[0m

