Configuration:
  Derive feature: [91mdisabled[0m
  Release mode: [91mdisabled[0m
