Configuration:
  Derive feature: [92menabled[0m
  Release mode: [92menabled[0m
  Test pattern: [93mintegration_test[0m
