━━━ hedgehog_core::property::tests ━━━
  ✓ snapshot_success_reporting passed 20 tests.