1.1904310909961642 â†’ [0, 1, -1, 0.5, -0.5, 0.5952155454980821, 0.29760777274904104, 0.14880388637452052, 0.07440194318726026, 0.03720097159363013]