Original: 9
Shrinks:
  1: 1
  2: 5
  3: 3
  4: 2
  5: 5
  6: 3
  7: 2
  8: 1
