Original: sQlH
Shrinks:
  1: 
  2: sQl
  3: QlH
  4: sQH
  5: rQlH
  6: sQ
  7: lH
