sQlH â†’ [, , lH, sH, sQ, QlH, slH, sQH, sQl, rQlH, sQ, lH]